"18-type-dispatch.cl", line 4:18, Semantic error: Type B of assigned expression is incompatible with declared type C of identifier c
"18-type-dispatch.cl", line 4:22, Semantic error: Type Int of assigned expression is incompatible with declared type C of identifier c
"18-type-dispatch.cl", line 4:13, Semantic error: Type Bool of assigned expression is incompatible with declared type C of identifier c
"18-type-dispatch.cl", line 23:23, Semantic error: Type B of assigned expression is incompatible with declared type C of identifier c
"18-type-dispatch.cl", line 23:26, Semantic error: Type Int of assigned expression is incompatible with declared type C of identifier c
"18-type-dispatch.cl", line 23:13, Semantic error: Type Bool of assigned expression is incompatible with declared type C of identifier c
Compilation halted
