"18-error-string.cl", line 2:22, Lexical error: String constant too long
"18-error-string.cl", line 3:22, Lexical error: String contains null character
"18-error-string.cl", line 6:22, Syntax error: missing ';' at 'nirvana'
Compilation halted
